
X                xydata     

                0.                 0.         
               -2.70241          158.106E-03  
               -5.35791          397.201E-03  
               -7.9669           713.731E-03  
              -10.5283             1.1042     
              -13.0419             1.56538    
              -15.5074             2.09419    
              -17.9247             2.68776    
              -20.2937             3.34336    
              -22.6145             4.05843    
              -24.8915             4.83229    
              -27.1177             5.6601     
              -29.2936             6.53965    
              -31.4205             7.46936    
              -33.5002             8.44794    
              -35.5323             9.47346    
              -37.5167            10.5441     
              -39.4541            11.6584     
              -41.3439            12.8146     
              -43.1865            14.0113     
              -44.9822            15.2472     
              -46.7309            16.521      
              -48.4324            17.8313     
              -50.0873            19.177      
              -51.6953            20.557      
              -53.2564            21.97       
              -54.7707            23.4151     
              -56.2383            24.8914     
              -57.6589            26.3978     
              -59.0326            27.9332     
              -60.3592            29.4969     
              -61.6386            31.0879     
              -62.8707            32.7054     
              -64.0551            34.3483     
              -65.192             36.0161     
              -66.2809            37.7079     
              -67.3217            39.4227     
              -68.3139            41.1597     
              -69.2574            42.9184     
              -70.1518            44.6977     
              -70.9966            46.4967     
              -71.7917            48.3149     
              -72.5364            50.1513     
              -73.2305            52.0051     
              -73.8733            53.8754     
              -74.4645            55.7613     
              -75.0034            57.6619     
              -75.4896            59.5763     
              -75.9224            61.5035     
              -76.3014            63.4426     
              -76.6257            65.3925     
              -76.895             67.352      
              -77.1084            69.3203     
              -77.2654            71.2958     
              -77.3652            73.2776     
              -77.4071            75.2643     
              -77.3906            77.2546     
              -77.3148            79.247      
              -77.179             81.24       
              -76.9827            83.2321     
              -76.7251            85.2216     
              -76.4055            87.2067     
              -76.0233            89.1857     
              -75.5779            91.1568     
              -75.0687            93.1175     
              -74.4953            95.0662     
              -73.857             97.0003     
              -73.1535            98.9176     
              -72.3846           100.816      
              -71.5498           102.692      
              -70.6492           104.544      
              -69.6826           106.368      
              -68.6501           108.163      
              -67.552            109.924      
              -66.3887           111.649      
              -65.1605           113.334      
              -63.8685           114.977      
              -62.5134           116.573      
              -61.0964           118.12       
              -59.6189           119.614      
              -58.0825           121.051      
              -56.4853           122.431      
              -54.8369           123.743      
              -53.1363           124.988      
              -51.386            126.162      
              -49.5893           127.261      
              -47.7495           128.282      
              -45.8702           129.222      
              -43.9556           130.078      
              -42.01             130.845      
              -40.038            131.523      
              -38.0447           132.108      
              -36.0352           132.599      
              -34.0151           132.993      
              -31.9902           133.288      
              -29.9664           133.485      
              -27.9498           133.581      
              -25.9468           133.578      
              -23.9637           133.475      
              -22.007            133.273      
              -20.083            132.974  




